2025-04-30 19:16:58,583 - services.summarizer - INFO - Initializing SummarizerService
2025-04-30 19:18:54,439 - services.summarizer - INFO - Initializing SummarizerService
2025-04-30 19:18:55,104 - services.summarizer - DEBUG - Using template for type: custom
2025-04-30 19:18:55,106 - services.summarizer - INFO - Generating summary
2025-04-30 19:18:57,306 - services.summarizer - INFO - Storing summary with ID: a22b1f49-9b79-44e1-9288-af60443b13c8
2025-04-30 19:19:59,387 - services.summarizer - INFO - Initializing SummarizerService
2025-04-30 19:19:59,876 - services.summarizer - DEBUG - Using template for type: custom
2025-04-30 19:19:59,877 - services.summarizer - INFO - Generating summary
2025-04-30 19:20:01,579 - services.summarizer - INFO - Storing summary with ID: 59f18729-dccb-458e-b619-98982a08c724
2025-04-30 19:23:31,062 - services.summarizer - INFO - Initializing SummarizerService
2025-04-30 19:24:10,129 - services.summarizer - INFO - Initializing SummarizerService
2025-04-30 19:25:45,816 - services.summarizer - INFO - Initializing SummarizerService
2025-04-30 19:25:46,412 - services.summarizer - DEBUG - Using template for type: meeting
2025-04-30 19:25:46,413 - services.summarizer - INFO - Generating summary
2025-04-30 19:25:48,882 - services.summarizer - INFO - Storing summary with ID: e4d00f6f-d84a-4e07-b277-9173a57560df
2025-04-30 21:12:41,556 - services.summarizer - INFO - Initializing SummarizerService
2025-04-30 21:37:34,262 - services.summarizer - INFO - Initializing SummarizerService
2025-04-30 21:37:34,874 - services.summarizer - DEBUG - Using template for type: custom
2025-04-30 21:37:34,876 - services.summarizer - INFO - Generating summary
2025-04-30 21:37:39,146 - services.summarizer - INFO - Storing summary with ID: 8482a33d-6844-4fc8-9740-e6fd6ac4d79c
2025-04-30 21:46:28,861 - services.summarizer - INFO - Initializing SummarizerService
2025-04-30 21:49:48,723 - services.summarizer - INFO - Initializing SummarizerService
2025-04-30 21:49:55,261 - services.summarizer - INFO - Initializing SummarizerService
